p-value-cutoff = 1 & 3d-distance-cutoff = 10
HotSpot3D::Cluster get drug mutation pairs
HotSpot3D::Cluster read drug clean
HotSpot3D Cluster::getBestRepresentation
HotSpot3D Cluster::createDistanceMatrix
HotSpot3D::Cluster getting pairwise data

Reading in pairwise data ... 
HotSpot3D::Cluster reading/getting collapsed data
HotSpot3D::Cluster clean up clusters
HotSpot3D::Cluster get variant weighting
Reading .maf to get recurrence

Reading in .maf ...
HotSpot3D::Cluster write cluster output
Creating cluster output file: demo.maf.3D_Proximity.pairwise.singleprotein.collapsed.l0.ad10.r10.clusters
Getting Cluster ID's & Centroids
Found 10 clusters
